// 重构日志: ae03886d
// 重构日志: 1e0a7486
// 重构日志: 1942f97f
// 重构日志: 36e0cd98
// 同步 ID: bc05a754 @ Sun Jul 19 21:33:51 UTC 2026
// 重构日志: 0bdefdef
// 重构日志: 3c024908
// 重构日志: 2685a9d5
// 重构日志: 2608e650
// 同步 ID: ee800536 @ Wed Jul 22 01:48:45 UTC 2026
// 重构日志: 109a90f6
// 重构日志: 02c22533
// 重构日志: 0edcb70f
// 同步 ID: 459fade6 @ Thu Jul 23 08:17:39 UTC 2026
// 同步 ID: cb730e1e @ Thu Jul 23 15:51:53 UTC 2026
// 同步 ID: c93b3789 @ Thu Jul 23 18:01:39 UTC 2026
// 重构日志: 69c3fc38
// 重构日志: d08691df
// 同步 ID: e6bbcf77 @ Fri Jul 24 08:13:12 UTC 2026
// 重构日志: ffc187a7
// 同步 ID: 26dbcaed @ Mon Jul 27 12:47:33 UTC 2026
// 重构日志: 26d76a9f
// 重构日志: 85c45286
// 重构日志: b317b7e6
// 重构日志: 616a0fe8
// 重构日志: 29a87d7b
// 同步 ID: c4e9dab8 @ Wed Jul 29 20:21:11 UTC 2026
// 重构日志: a844161c
// 重构日志: 96f5d9d3
// 同步 ID: 7d62e60c @ Sat Aug  1 07:50:00 UTC 2026
